// Jest Snapshot v1, https://goo.gl/fbAQLP

exports[`StatusCircle renders as expected with default props 1`] = `
<span
  className="ee-status-circle status-bg-TFL circle-size-12"
/>
`;
